stm32h7xx_it.c:49:6:NMI_Handler	4	static
stm32h7xx_it.c:58:6:HardFault_Handler	4	static
stm32h7xx_it.c:71:6:MemManage_Handler	4	static
stm32h7xx_it.c:84:6:BusFault_Handler	4	static
stm32h7xx_it.c:97:6:UsageFault_Handler	4	static
stm32h7xx_it.c:110:6:SVC_Handler	4	static
stm32h7xx_it.c:119:6:DebugMon_Handler	4	static
stm32h7xx_it.c:128:6:PendSV_Handler	4	static
stm32h7xx_it.c:137:6:SysTick_Handler	8	static
stm32h7xx_it.c:154:6:EXTI2_IRQHandler	8	static
stm32h7xx_it.c:164:6:EXTI3_IRQHandler	8	static
stm32h7xx_it.c:174:6:EXTI4_IRQHandler	8	static
stm32h7xx_it.c:184:6:EXTI9_5_IRQHandler	8	static
stm32h7xx_it.c:195:6:EXTI15_10_IRQHandler	8	static
stm32h7xx_it.c:205:6:DMA2_Stream4_IRQHandler	8	static
stm32h7xx_it.c:214:6:DMA2_Stream1_IRQHandler	8	static
stm32h7xx_it.c:224:6:BDMA_Channel1_IRQHandler	8	static
stm32h7xx_it.c:233:6:MDMA_IRQHandler	8	static
stm32h7xx_it.c:243:6:SDMMC1_IRQHandler	8	static
stm32h7xx_it.c:253:6:DCMI_IRQHandler	8	static
stm32h7xx_it.c:263:6:DMA2_Stream3_IRQHandler	8	static
